Godot Engine v4.6.2.stable.official.71f334935 - https://godotengine.org

POSE time=0.0083 side=l knee_forward=0.1145
POSE time=0.0083 side=r knee_forward=0.1138
POSE time=0.0167 side=l knee_forward=0.1329
POSE time=0.0167 side=r knee_forward=0.1304
POSE time=0.0250 side=l knee_forward=0.1557
POSE time=0.0250 side=r knee_forward=0.1476
POSE time=0.0333 side=l knee_forward=0.1789
POSE time=0.0333 side=r knee_forward=0.1736
POSE time=0.0417 side=l knee_forward=-0.2003
POSE time=0.0417 side=r knee_forward=-0.1726
POSE time=0.0500 side=l knee_forward=-0.2188
POSE time=0.0500 side=r knee_forward=-0.2019
POSE time=0.0583 side=l knee_forward=-0.2323
POSE time=0.0583 side=r knee_forward=-0.2174
POSE time=0.0667 side=l knee_forward=-0.2399
POSE time=0.0667 side=r knee_forward=-0.2254
POSE time=0.0750 side=l knee_forward=-0.2406
POSE time=0.0750 side=r knee_forward=-0.2262
POSE time=0.0833 side=l knee_forward=-0.2320
POSE time=0.0833 side=r knee_forward=-0.2174
POSE time=0.0917 side=l knee_forward=-0.2154
POSE time=0.0917 side=r knee_forward=-0.2004
BASELINE 0.6m obstacle: final=(0.0, 0.000154, -1.179065) apex=0.2507
